../USB_DEVICE/App/usbd_desc.c:265:11:USBD_FS_LangIDStrDescriptor	0	static
../USB_DEVICE/App/usbd_desc.c:393:13:IntToUnicode	16	static
../USB_DEVICE/App/usbd_desc.c:310:11:USBD_FS_SerialStrDescriptor	8	static
../USB_DEVICE/App/usbd_desc.c:297:11:USBD_FS_ManufacturerStrDescriptor	8	static
../USB_DEVICE/App/usbd_desc.c:226:10:USBD_FS_DeviceDescriptor	0	static
../USB_DEVICE/App/usbd_desc.c:278:11:USBD_FS_ProductStrDescriptor	8	static
../USB_DEVICE/App/usbd_desc.c:330:11:USBD_FS_ConfigStrDescriptor	8	static
../USB_DEVICE/App/usbd_desc.c:349:11:USBD_FS_InterfaceStrDescriptor	8	static
