../Middlewares/ST/STM32_USB_Device_Library/Class/HID/Src/usbd_hid.c:671:18:USBD_HID_GetFSCfgDesc	0	static
../Middlewares/ST/STM32_USB_Device_Library/Class/HID/Src/usbd_hid.c:684:18:USBD_HID_GetHSCfgDesc	0	static
../Middlewares/ST/STM32_USB_Device_Library/Class/HID/Src/usbd_hid.c:697:18:USBD_HID_GetOtherSpeedCfgDesc	0	static
../Middlewares/ST/STM32_USB_Device_Library/Class/HID/Src/usbd_hid.c:710:17:USBD_HID_DataIn	0	static
../Middlewares/ST/STM32_USB_Device_Library/Class/HID/Src/usbd_hid.c:727:18:USBD_HID_GetDeviceQualifierDesc	0	static
../Middlewares/ST/STM32_USB_Device_Library/Class/HID/Src/usbd_hid.c:494:17:USBD_HID_Setup	24	static
../Middlewares/ST/STM32_USB_Device_Library/Class/HID/Src/usbd_hid.c:470:17:USBD_HID_DeInit	16	static
../Middlewares/ST/STM32_USB_Device_Library/Class/HID/Src/usbd_hid.c:443:17:USBD_HID_Init	8	static
../Middlewares/ST/STM32_USB_Device_Library/Class/HID/Src/usbd_hid.c:616:9:USBD_HID_SendReport	8	static
../Middlewares/ST/STM32_USB_Device_Library/Class/HID/Src/usbd_hid.c:642:10:USBD_HID_GetPollingInterval	0	static
