15:31:14 **** Incremental Build of configuration Debug for project usb_mouse_test ****
make -j24 all 
arm-none-eabi-size  usb_mouse_test.elf 
   text	   data	    bss	    dec	    hex	filename
  32316	    332	   3684	  36332	   8dec	usb_mouse_test.elf
Finished building: default.size.stdout
 
15:31:28 **** Incremental Build of configuration Debug for project usb_mouse_test ****
make -j24 all 
arm-none-eabi-size  usb_mouse_test.elf 
   text	   data	    bss	    dec	    hex	filename
  32316	    332	   3684	  36332	   8dec	usb_mouse_test.elf
Finished building: default.size.stdout
 
15:36:49 **** Incremental Build of configuration Debug for project usb_mouse_test ****
make -j24 all 
arm-none-eabi-gcc "../USB_DEVICE/Target/usbd_conf.c" -mcpu=cortex-m0 -std=gnu11 -g3 -DDEBUG -DUSE_HAL_DRIVER -DSTM32F042x6 -c -I../Core/Inc -I../Drivers/STM32F0xx_HAL_Driver/Inc -I../Drivers/STM32F0xx_HAL_Driver/Inc/Legacy -I../Drivers/CMSIS/Device/ST/STM32F0xx/Include -I../Drivers/CMSIS/Include -I../USB_DEVICE/App -I../USB_DEVICE/Target -I../Middlewares/ST/STM32_USB_Device_Library/Core/Inc -I../Middlewares/ST/STM32_USB_Device_Library/Class/HID/Inc -O0 -ffunction-sections -fdata-sections -Wall -fstack-usage -fcyclomatic-complexity -MMD -MP -MF"USB_DEVICE/Target/usbd_conf.d" -MT"USB_DEVICE/Target/usbd_conf.o" --specs=nano.specs -mfloat-abi=soft -mthumb -o "USB_DEVICE/Target/usbd_conf.o"
arm-none-eabi-gcc "../USB_DEVICE/App/usb_device.c" -mcpu=cortex-m0 -std=gnu11 -g3 -DDEBUG -DUSE_HAL_DRIVER -DSTM32F042x6 -c -I../Core/Inc -I../Drivers/STM32F0xx_HAL_Driver/Inc -I../Drivers/STM32F0xx_HAL_Driver/Inc/Legacy -I../Drivers/CMSIS/Device/ST/STM32F0xx/Include -I../Drivers/CMSIS/Include -I../USB_DEVICE/App -I../USB_DEVICE/Target -I../Middlewares/ST/STM32_USB_Device_Library/Core/Inc -I../Middlewares/ST/STM32_USB_Device_Library/Class/HID/Inc -O0 -ffunction-sections -fdata-sections -Wall -fstack-usage -fcyclomatic-complexity -MMD -MP -MF"USB_DEVICE/App/usb_device.d" -MT"USB_DEVICE/App/usb_device.o" --specs=nano.specs -mfloat-abi=soft -mthumb -o "USB_DEVICE/App/usb_device.o"
arm-none-eabi-gcc "../Middlewares/ST/STM32_USB_Device_Library/Class/HID/Src/usbd_hid.c" -mcpu=cortex-m0 -std=gnu11 -g3 -DDEBUG -DUSE_HAL_DRIVER -DSTM32F042x6 -c -I../Core/Inc -I../Drivers/STM32F0xx_HAL_Driver/Inc -I../Drivers/STM32F0xx_HAL_Driver/Inc/Legacy -I../Drivers/CMSIS/Device/ST/STM32F0xx/Include -I../Drivers/CMSIS/Include -I../USB_DEVICE/App -I../USB_DEVICE/Target -I../Middlewares/ST/STM32_USB_Device_Library/Core/Inc -I../Middlewares/ST/STM32_USB_Device_Library/Class/HID/Inc -O0 -ffunction-sections -fdata-sections -Wall -fstack-usage -fcyclomatic-complexity -MMD -MP -MF"Middlewares/ST/STM32_USB_Device_Library/Class/HID/Src/usbd_hid.d" -MT"Middlewares/ST/STM32_USB_Device_Library/Class/HID/Src/usbd_hid.o" --specs=nano.specs -mfloat-abi=soft -mthumb -o "Middlewares/ST/STM32_USB_Device_Library/Class/HID/Src/usbd_hid.o"
arm-none-eabi-gcc "../Core/Src/main.c" -mcpu=cortex-m0 -std=gnu11 -g3 -DDEBUG -DUSE_HAL_DRIVER -DSTM32F042x6 -c -I../Core/Inc -I../Drivers/STM32F0xx_HAL_Driver/Inc -I../Drivers/STM32F0xx_HAL_Driver/Inc/Legacy -I../Drivers/CMSIS/Device/ST/STM32F0xx/Include -I../Drivers/CMSIS/Include -I../USB_DEVICE/App -I../USB_DEVICE/Target -I../Middlewares/ST/STM32_USB_Device_Library/Core/Inc -I../Middlewares/ST/STM32_USB_Device_Library/Class/HID/Inc -O0 -ffunction-sections -fdata-sections -Wall -fstack-usage -fcyclomatic-complexity -MMD -MP -MF"Core/Src/main.d" -MT"Core/Src/main.o" --specs=nano.specs -mfloat-abi=soft -mthumb -o "Core/Src/main.o"
../Middlewares/ST/STM32_USB_Device_Library/Class/HID/Src/usbd_hid.c:53: warning: "HID_FS_BINTERVAL" redefined
   53 | #define HID_FS_BINTERVAL    0x0AU
      | 
In file included from ../Middlewares/ST/STM32_USB_Device_Library/Core/Inc/usbd_def.h:29,
                 from ../Middlewares/ST/STM32_USB_Device_Library/Core/Inc/usbd_ioreq.h:29,
                 from ../Middlewares/ST/STM32_USB_Device_Library/Class/HID/Inc/usbd_hid.h:29,
                 from ../Middlewares/ST/STM32_USB_Device_Library/Class/HID/Src/usbd_hid.c:47:
../USB_DEVICE/Target/usbd_conf.h:75: note: this is the location of the previous definition
   75 | #define HID_FS_BINTERVAL     0xA
      | 
../Middlewares/ST/STM32_USB_Device_Library/Class/HID/Src/usbd_hid.c:178:3: error: 'HID_KEYBOARD_REPORT_DESC_SIZE' undeclared here (not in a function); did you mean 'HID_MOUSE_REPORT_DESC_SIZE'?
  178 |   HID_KEYBOARD_REPORT_DESC_SIZE,/*wItemLength: Total length of Report descriptor*/
      |   ^~~~~~~~~~~~~~~~~~~~~~~~~~~~~
      |   HID_MOUSE_REPORT_DESC_SIZE
../Middlewares/ST/STM32_USB_Device_Library/Class/HID/Src/usbd_hid.c:356:30: warning: 'HID_KEYBOARD_ReportDesc' defined but not used [-Wunused-variable]
  356 | __ALIGN_BEGIN static uint8_t HID_KEYBOARD_ReportDesc[KEYBOARD_HID_REPORT_DESC_SIZE] __ALIGN_END =
      |                              ^~~~~~~~~~~~~~~~~~~~~~~
make: *** [Middlewares/ST/STM32_USB_Device_Library/Class/HID/Src/subdir.mk:19: Middlewares/ST/STM32_USB_Device_Library/Class/HID/Src/usbd_hid.o] Error 1
make: *** Waiting for unfinished jobs....
"make -j24 all" terminated with exit code 2. Build might be incomplete.
15:37:20 **** Incremental Build of configuration Debug for project usb_mouse_test ****
make -j24 all 
arm-none-eabi-gcc "../Middlewares/ST/STM32_USB_Device_Library/Class/HID/Src/usbd_hid.c" -mcpu=cortex-m0 -std=gnu11 -g3 -DDEBUG -DUSE_HAL_DRIVER -DSTM32F042x6 -c -I../Core/Inc -I../Drivers/STM32F0xx_HAL_Driver/Inc -I../Drivers/STM32F0xx_HAL_Driver/Inc/Legacy -I../Drivers/CMSIS/Device/ST/STM32F0xx/Include -I../Drivers/CMSIS/Include -I../USB_DEVICE/App -I../USB_DEVICE/Target -I../Middlewares/ST/STM32_USB_Device_Library/Core/Inc -I../Middlewares/ST/STM32_USB_Device_Library/Class/HID/Inc -O0 -ffunction-sections -fdata-sections -Wall -fstack-usage -fcyclomatic-complexity -MMD -MP -MF"Middlewares/ST/STM32_USB_Device_Library/Class/HID/Src/usbd_hid.d" -MT"Middlewares/ST/STM32_USB_Device_Library/Class/HID/Src/usbd_hid.o" --specs=nano.specs -mfloat-abi=soft -mthumb -o "Middlewares/ST/STM32_USB_Device_Library/Class/HID/Src/usbd_hid.o"
../Middlewares/ST/STM32_USB_Device_Library/Class/HID/Src/usbd_hid.c:53: warning: "HID_FS_BINTERVAL" redefined
   53 | #define HID_FS_BINTERVAL    0x0AU
      | 
In file included from ../Middlewares/ST/STM32_USB_Device_Library/Core/Inc/usbd_def.h:29,
                 from ../Middlewares/ST/STM32_USB_Device_Library/Core/Inc/usbd_ioreq.h:29,
                 from ../Middlewares/ST/STM32_USB_Device_Library/Class/HID/Inc/usbd_hid.h:29,
                 from ../Middlewares/ST/STM32_USB_Device_Library/Class/HID/Src/usbd_hid.c:47:
../USB_DEVICE/Target/usbd_conf.h:75: note: this is the location of the previous definition
   75 | #define HID_FS_BINTERVAL     0xA
      | 
../Middlewares/ST/STM32_USB_Device_Library/Class/HID/Src/usbd_hid.c:356:54: error: 'KEYBOARD_HID_REPORT_DESC_SIZE' undeclared here (not in a function); did you mean 'HID_KEYBOARD_REPORT_DESC_SIZE'?
  356 | __ALIGN_BEGIN static uint8_t HID_KEYBOARD_ReportDesc[KEYBOARD_HID_REPORT_DESC_SIZE] __ALIGN_END =
      |                                                      ^~~~~~~~~~~~~~~~~~~~~~~~~~~~~
      |                                                      HID_KEYBOARD_REPORT_DESC_SIZE
../Middlewares/ST/STM32_USB_Device_Library/Class/HID/Src/usbd_hid.c:356:30: warning: 'HID_KEYBOARD_ReportDesc' defined but not used [-Wunused-variable]
  356 | __ALIGN_BEGIN static uint8_t HID_KEYBOARD_ReportDesc[KEYBOARD_HID_REPORT_DESC_SIZE] __ALIGN_END =
      |                              ^~~~~~~~~~~~~~~~~~~~~~~
make: *** [Middlewares/ST/STM32_USB_Device_Library/Class/HID/Src/subdir.mk:19: Middlewares/ST/STM32_USB_Device_Library/Class/HID/Src/usbd_hid.o] Error 1
"make -j24 all" terminated with exit code 2. Build might be incomplete.
15:37:32 **** Incremental Build of configuration Debug for project usb_mouse_test ****
make -j24 all 
arm-none-eabi-gcc "../Middlewares/ST/STM32_USB_Device_Library/Class/HID/Src/usbd_hid.c" -mcpu=cortex-m0 -std=gnu11 -g3 -DDEBUG -DUSE_HAL_DRIVER -DSTM32F042x6 -c -I../Core/Inc -I../Drivers/STM32F0xx_HAL_Driver/Inc -I../Drivers/STM32F0xx_HAL_Driver/Inc/Legacy -I../Drivers/CMSIS/Device/ST/STM32F0xx/Include -I../Drivers/CMSIS/Include -I../USB_DEVICE/App -I../USB_DEVICE/Target -I../Middlewares/ST/STM32_USB_Device_Library/Core/Inc -I../Middlewares/ST/STM32_USB_Device_Library/Class/HID/Inc -O0 -ffunction-sections -fdata-sections -Wall -fstack-usage -fcyclomatic-complexity -MMD -MP -MF"Middlewares/ST/STM32_USB_Device_Library/Class/HID/Src/usbd_hid.d" -MT"Middlewares/ST/STM32_USB_Device_Library/Class/HID/Src/usbd_hid.o" --specs=nano.specs -mfloat-abi=soft -mthumb -o "Middlewares/ST/STM32_USB_Device_Library/Class/HID/Src/usbd_hid.o"
../Middlewares/ST/STM32_USB_Device_Library/Class/HID/Src/usbd_hid.c:53: warning: "HID_FS_BINTERVAL" redefined
   53 | #define HID_FS_BINTERVAL    0x0AU
      | 
In file included from ../Middlewares/ST/STM32_USB_Device_Library/Core/Inc/usbd_def.h:29,
                 from ../Middlewares/ST/STM32_USB_Device_Library/Core/Inc/usbd_ioreq.h:29,
                 from ../Middlewares/ST/STM32_USB_Device_Library/Class/HID/Inc/usbd_hid.h:29,
                 from ../Middlewares/ST/STM32_USB_Device_Library/Class/HID/Src/usbd_hid.c:47:
../USB_DEVICE/Target/usbd_conf.h:75: note: this is the location of the previous definition
   75 | #define HID_FS_BINTERVAL     0xA
      | 
../Middlewares/ST/STM32_USB_Device_Library/Class/HID/Src/usbd_hid.c:178:3: error: 'HID_KEYBOARD_REPORT_DESC_SIZE' undeclared here (not in a function); did you mean 'HID_MOUSE_REPORT_DESC_SIZE'?
  178 |   HID_KEYBOARD_REPORT_DESC_SIZE,/*wItemLength: Total length of Report descriptor*/
      |   ^~~~~~~~~~~~~~~~~~~~~~~~~~~~~
      |   HID_MOUSE_REPORT_DESC_SIZE
../Middlewares/ST/STM32_USB_Device_Library/Class/HID/Src/usbd_hid.c:356:30: warning: 'HID_KEYBOARD_ReportDesc' defined but not used [-Wunused-variable]
  356 | __ALIGN_BEGIN static uint8_t HID_KEYBOARD_ReportDesc[KEYBOARD_HID_REPORT_DESC_SIZE] __ALIGN_END =
      |                              ^~~~~~~~~~~~~~~~~~~~~~~
make: *** [Middlewares/ST/STM32_USB_Device_Library/Class/HID/Src/subdir.mk:19: Middlewares/ST/STM32_USB_Device_Library/Class/HID/Src/usbd_hid.o] Error 1
"make -j24 all" terminated with exit code 2. Build might be incomplete.
15:37:50 **** Incremental Build of configuration Debug for project usb_mouse_test ****
make -j24 all 
arm-none-eabi-gcc "../Middlewares/ST/STM32_USB_Device_Library/Class/HID/Src/usbd_hid.c" -mcpu=cortex-m0 -std=gnu11 -g3 -DDEBUG -DUSE_HAL_DRIVER -DSTM32F042x6 -c -I../Core/Inc -I../Drivers/STM32F0xx_HAL_Driver/Inc -I../Drivers/STM32F0xx_HAL_Driver/Inc/Legacy -I../Drivers/CMSIS/Device/ST/STM32F0xx/Include -I../Drivers/CMSIS/Include -I../USB_DEVICE/App -I../USB_DEVICE/Target -I../Middlewares/ST/STM32_USB_Device_Library/Core/Inc -I../Middlewares/ST/STM32_USB_Device_Library/Class/HID/Inc -O0 -ffunction-sections -fdata-sections -Wall -fstack-usage -fcyclomatic-complexity -MMD -MP -MF"Middlewares/ST/STM32_USB_Device_Library/Class/HID/Src/usbd_hid.d" -MT"Middlewares/ST/STM32_USB_Device_Library/Class/HID/Src/usbd_hid.o" --specs=nano.specs -mfloat-abi=soft -mthumb -o "Middlewares/ST/STM32_USB_Device_Library/Class/HID/Src/usbd_hid.o"
../Middlewares/ST/STM32_USB_Device_Library/Class/HID/Src/usbd_hid.c:54: warning: "HID_FS_BINTERVAL" redefined
   54 | #define HID_FS_BINTERVAL    0x0AU
      | 
In file included from ../Middlewares/ST/STM32_USB_Device_Library/Core/Inc/usbd_def.h:29,
                 from ../Middlewares/ST/STM32_USB_Device_Library/Core/Inc/usbd_ioreq.h:29,
                 from ../Middlewares/ST/STM32_USB_Device_Library/Class/HID/Inc/usbd_hid.h:29,
                 from ../Middlewares/ST/STM32_USB_Device_Library/Class/HID/Src/usbd_hid.c:47:
../USB_DEVICE/Target/usbd_conf.h:75: note: this is the location of the previous definition
   75 | #define HID_FS_BINTERVAL     0xA
      | 
../Middlewares/ST/STM32_USB_Device_Library/Class/HID/Src/usbd_hid.c:357:30: warning: 'HID_KEYBOARD_ReportDesc' defined but not used [-Wunused-variable]
  357 | __ALIGN_BEGIN static uint8_t HID_KEYBOARD_ReportDesc[KEYBOARD_HID_REPORT_DESC_SIZE] __ALIGN_END =
      |                              ^~~~~~~~~~~~~~~~~~~~~~~
arm-none-eabi-gcc -o "usb_mouse_test.elf" @"objects.list"   -mcpu=cortex-m0 -T"C:\Users\rntsa\STM32CubeIDE\workspace_1.19.0\usb_test\STM32F042K6TX_FLASH.ld" --specs=nosys.specs -Wl,-Map="usb_mouse_test.map" -Wl,--gc-sections -static --specs=nano.specs -mfloat-abi=soft -mthumb -Wl,--start-group -lc -lm -Wl,--end-group
Finished building target: usb_mouse_test.elf
 
arm-none-eabi-size  usb_mouse_test.elf 
arm-none-eabi-objdump -h -S usb_mouse_test.elf  > "usb_mouse_test.list"
   text	   data	    bss	    dec	    hex	filename
  32316	    332	   3684	  36332	   8dec	usb_mouse_test.elf
Finished building: default.size.stdout
 
Finished building: usb_mouse_test.list
 
15:38:03 **** Incremental Build of configuration Debug for project usb_mouse_test ****
make -j24 all 
arm-none-eabi-size  usb_mouse_test.elf 
   text	   data	    bss	    dec	    hex	filename
  32316	    332	   3684	  36332	   8dec	usb_mouse_test.elf
Finished building: default.size.stdout
 
15:39:03 **** Incremental Build of configuration Debug for project usb_mouse_test ****
make -j24 all 
arm-none-eabi-size  usb_mouse_test.elf 
   text	   data	    bss	    dec	    hex	filename
  32316	    332	   3684	  36332	   8dec	usb_mouse_test.elf
Finished building: default.size.stdout
 
15:40:27 **** Incremental Build of configuration Debug for project usb_mouse_test ****
make -j24 all 
arm-none-eabi-gcc "../Middlewares/ST/STM32_USB_Device_Library/Class/HID/Src/usbd_hid.c" -mcpu=cortex-m0 -std=gnu11 -g3 -DDEBUG -DUSE_HAL_DRIVER -DSTM32F042x6 -c -I../Core/Inc -I../Drivers/STM32F0xx_HAL_Driver/Inc -I../Drivers/STM32F0xx_HAL_Driver/Inc/Legacy -I../Drivers/CMSIS/Device/ST/STM32F0xx/Include -I../Drivers/CMSIS/Include -I../USB_DEVICE/App -I../USB_DEVICE/Target -I../Middlewares/ST/STM32_USB_Device_Library/Core/Inc -I../Middlewares/ST/STM32_USB_Device_Library/Class/HID/Inc -O0 -ffunction-sections -fdata-sections -Wall -fstack-usage -fcyclomatic-complexity -MMD -MP -MF"Middlewares/ST/STM32_USB_Device_Library/Class/HID/Src/usbd_hid.d" -MT"Middlewares/ST/STM32_USB_Device_Library/Class/HID/Src/usbd_hid.o" --specs=nano.specs -mfloat-abi=soft -mthumb -o "Middlewares/ST/STM32_USB_Device_Library/Class/HID/Src/usbd_hid.o"
../Middlewares/ST/STM32_USB_Device_Library/Class/HID/Src/usbd_hid.c:54: warning: "HID_FS_BINTERVAL" redefined
   54 | #define HID_FS_BINTERVAL    0x0AU
      | 
In file included from ../Middlewares/ST/STM32_USB_Device_Library/Core/Inc/usbd_def.h:29,
                 from ../Middlewares/ST/STM32_USB_Device_Library/Core/Inc/usbd_ioreq.h:29,
                 from ../Middlewares/ST/STM32_USB_Device_Library/Class/HID/Inc/usbd_hid.h:29,
                 from ../Middlewares/ST/STM32_USB_Device_Library/Class/HID/Src/usbd_hid.c:47:
../USB_DEVICE/Target/usbd_conf.h:75: note: this is the location of the previous definition
   75 | #define HID_FS_BINTERVAL     0xA
      | 
../Middlewares/ST/STM32_USB_Device_Library/Class/HID/Src/usbd_hid.c:325:30: warning: 'HID_MOUSE_ReportDesc' defined but not used [-Wunused-variable]
  325 | __ALIGN_BEGIN static uint8_t HID_MOUSE_ReportDesc[] __ALIGN_END =
      |                              ^~~~~~~~~~~~~~~~~~~~
arm-none-eabi-gcc -o "usb_mouse_test.elf" @"objects.list"   -mcpu=cortex-m0 -T"C:\Users\rntsa\STM32CubeIDE\workspace_1.19.0\usb_test\STM32F042K6TX_FLASH.ld" --specs=nosys.specs -Wl,-Map="usb_mouse_test.map" -Wl,--gc-sections -static --specs=nano.specs -mfloat-abi=soft -mthumb -Wl,--start-group -lc -lm -Wl,--end-group
Finished building target: usb_mouse_test.elf
 
arm-none-eabi-size  usb_mouse_test.elf 
arm-none-eabi-objdump -h -S usb_mouse_test.elf  > "usb_mouse_test.list"
   text	   data	    bss	    dec	    hex	filename
  32316	    344	   3680	  36340	   8df4	usb_mouse_test.elf
Finished building: default.size.stdout
 
Finished building: usb_mouse_test.list
 
15:40:29 **** Incremental Build of configuration Debug for project usb_mouse_test ****
make -j24 all 
arm-none-eabi-size  usb_mouse_test.elf 
   text	   data	    bss	    dec	    hex	filename
  32316	    344	   3680	  36340	   8df4	usb_mouse_test.elf
Finished building: default.size.stdout
 
15:41:48 **** Incremental Build of configuration Debug for project usb_mouse_test ****
make -j24 all 
arm-none-eabi-gcc "../Middlewares/ST/STM32_USB_Device_Library/Class/HID/Src/usbd_hid.c" -mcpu=cortex-m0 -std=gnu11 -g3 -DDEBUG -DUSE_HAL_DRIVER -DSTM32F042x6 -c -I../Core/Inc -I../Drivers/STM32F0xx_HAL_Driver/Inc -I../Drivers/STM32F0xx_HAL_Driver/Inc/Legacy -I../Drivers/CMSIS/Device/ST/STM32F0xx/Include -I../Drivers/CMSIS/Include -I../USB_DEVICE/App -I../USB_DEVICE/Target -I../Middlewares/ST/STM32_USB_Device_Library/Core/Inc -I../Middlewares/ST/STM32_USB_Device_Library/Class/HID/Inc -O0 -ffunction-sections -fdata-sections -Wall -fstack-usage -fcyclomatic-complexity -MMD -MP -MF"Middlewares/ST/STM32_USB_Device_Library/Class/HID/Src/usbd_hid.d" -MT"Middlewares/ST/STM32_USB_Device_Library/Class/HID/Src/usbd_hid.o" --specs=nano.specs -mfloat-abi=soft -mthumb -o "Middlewares/ST/STM32_USB_Device_Library/Class/HID/Src/usbd_hid.o"
../Middlewares/ST/STM32_USB_Device_Library/Class/HID/Src/usbd_hid.c:54: warning: "HID_FS_BINTERVAL" redefined
   54 | #define HID_FS_BINTERVAL    0x0AU
      | 
In file included from ../Middlewares/ST/STM32_USB_Device_Library/Core/Inc/usbd_def.h:29,
                 from ../Middlewares/ST/STM32_USB_Device_Library/Core/Inc/usbd_ioreq.h:29,
                 from ../Middlewares/ST/STM32_USB_Device_Library/Class/HID/Inc/usbd_hid.h:29,
                 from ../Middlewares/ST/STM32_USB_Device_Library/Class/HID/Src/usbd_hid.c:47:
../USB_DEVICE/Target/usbd_conf.h:75: note: this is the location of the previous definition
   75 | #define HID_FS_BINTERVAL     0xA
      | 
../Middlewares/ST/STM32_USB_Device_Library/Class/HID/Src/usbd_hid.c:325:30: warning: 'HID_MOUSE_ReportDesc' defined but not used [-Wunused-variable]
  325 | __ALIGN_BEGIN static uint8_t HID_MOUSE_ReportDesc[] __ALIGN_END =
      |                              ^~~~~~~~~~~~~~~~~~~~
arm-none-eabi-gcc -o "usb_mouse_test.elf" @"objects.list"   -mcpu=cortex-m0 -T"C:\Users\rntsa\STM32CubeIDE\workspace_1.19.0\usb_test\STM32F042K6TX_FLASH.ld" --specs=nosys.specs -Wl,-Map="usb_mouse_test.map" -Wl,--gc-sections -static --specs=nano.specs -mfloat-abi=soft -mthumb -Wl,--start-group -lc -lm -Wl,--end-group
Finished building target: usb_mouse_test.elf
 
arm-none-eabi-size  usb_mouse_test.elf 
arm-none-eabi-objdump -h -S usb_mouse_test.elf  > "usb_mouse_test.list"
   text	   data	    bss	    dec	    hex	filename
  32316	    344	   3680	  36340	   8df4	usb_mouse_test.elf
Finished building: default.size.stdout
 
Finished building: usb_mouse_test.list
 
15:41:53 **** Incremental Build of configuration Debug for project usb_mouse_test ****
make -j24 all 
arm-none-eabi-size  usb_mouse_test.elf 
   text	   data	    bss	    dec	    hex	filename
  32316	    344	   3680	  36340	   8df4	usb_mouse_test.elf
Finished building: default.size.stdout
 
15:43:22 **** Incremental Build of configuration Debug for project usb_mouse_test ****
make -j24 all 
arm-none-eabi-gcc "../Core/Src/main.c" -mcpu=cortex-m0 -std=gnu11 -g3 -DDEBUG -DUSE_HAL_DRIVER -DSTM32F042x6 -c -I../Core/Inc -I../Drivers/STM32F0xx_HAL_Driver/Inc -I../Drivers/STM32F0xx_HAL_Driver/Inc/Legacy -I../Drivers/CMSIS/Device/ST/STM32F0xx/Include -I../Drivers/CMSIS/Include -I../USB_DEVICE/App -I../USB_DEVICE/Target -I../Middlewares/ST/STM32_USB_Device_Library/Core/Inc -I../Middlewares/ST/STM32_USB_Device_Library/Class/HID/Inc -O0 -ffunction-sections -fdata-sections -Wall -fstack-usage -fcyclomatic-complexity -MMD -MP -MF"Core/Src/main.d" -MT"Core/Src/main.o" --specs=nano.specs -mfloat-abi=soft -mthumb -o "Core/Src/main.o"
arm-none-eabi-gcc -o "usb_mouse_test.elf" @"objects.list"   -mcpu=cortex-m0 -T"C:\Users\rntsa\STM32CubeIDE\workspace_1.19.0\usb_test\STM32F042K6TX_FLASH.ld" --specs=nosys.specs -Wl,-Map="usb_mouse_test.map" -Wl,--gc-sections -static --specs=nano.specs -mfloat-abi=soft -mthumb -Wl,--start-group -lc -lm -Wl,--end-group
Finished building target: usb_mouse_test.elf
 
arm-none-eabi-size  usb_mouse_test.elf 
arm-none-eabi-objdump -h -S usb_mouse_test.elf  > "usb_mouse_test.list"
   text	   data	    bss	    dec	    hex	filename
  32320	    344	   3680	  36344	   8df8	usb_mouse_test.elf
Finished building: default.size.stdout
 
Finished building: usb_mouse_test.list
 
15:43:25 **** Incremental Build of configuration Debug for project usb_mouse_test ****
make -j24 all 
arm-none-eabi-size  usb_mouse_test.elf 
   text	   data	    bss	    dec	    hex	filename
  32320	    344	   3680	  36344	   8df8	usb_mouse_test.elf
Finished building: default.size.stdout
 
